filegroup(
    name = "all_files",
    testonly = True,
    srcs = [
        "file3",
        "//sub2/repo1:all_files",
    ],
    visibility = ["//visibility:public"],
)
