load("@io_bazel_rules_go//go:def.bzl", "go_library")

go_library(
    name = "internal",
    srcs = ["internal.go"],
    importpath = "example.com/m/internal",
    visibility = ["//:__subpackages__"],
)
