filegroup(
    name = "all_files",
    testonly = True,
    srcs = [
        ".bazelignore",
        "MODULE.bazel",
        "REPO.bazel",
        "//sub2:all_files",
    ],
    visibility = ["//visibility:public"],
)
