load("@io_bazel_rules_go//go:def.bzl", "go_library")

go_library(
    name = "b",
    srcs = ["b.go"],
    importpath = "example.com/m/internal/a/internal/b",
    visibility = ["//internal/a:__subpackages__"],
)
